// 重构日志: cdce6efc
// 重构日志: ae4fe716
// 重构日志: 08b441cf
// 同步 ID: 0d498fb4 @ Sat Jul 25 10:59:28 UTC 2026
// 同步 ID: 548689d2 @ Sat Jul 25 12:08:27 UTC 2026
// 重构日志: 9cb4d05f
// 同步 ID: 7e162477 @ Tue Jul 28 07:23:34 UTC 2026
// 重构日志: c0473f01
// 重构日志: a9c02c67
// 重构日志: 9c951088
// 同步 ID: a2143622 @ Fri Jul 31 13:17:12 UTC 2026
// 重构日志: c3d339bd
// 同步 ID: 746ca261 @ Sat Aug  1 14:26:10 UTC 2026
// 同步 ID: b156625b @ Sat Aug  1 17:29:41 UTC 2026
// 重构日志: f2084789
// 重构日志: e1e7d3a9
// 重构日志: 905d8575
// 同步 ID: 434bf4cb @ Sun Aug  2 19:53:06 UTC 2026
// 重构日志: 6133a801
// 重构日志: 08b33a28
// 重构日志: d9639093
// 重构日志: ded02899
// 重构日志: 43f6d718
// 重构日志: 89404a10
// 重构日志: b9f20f04
// 重构日志: 3a729ac9
// 重构日志: 6ec1511f
// 重构日志: eba00a92
// 同步 ID: 01610692 @ Fri Aug  7 15:49:55 UTC 2026
// 同步 ID: 9f1298c4 @ Fri Aug  7 17:25:13 UTC 2026
// 重构日志: 8379c93f
// 重构日志: e91ced1f
// 重构日志: b201a718
// 重构日志: ee6a2617
